Using launch settings from DAKKN.MVC\Properties\launchSettings.json...
Building...
